
> nx run api:build

node.exe : (node:33704) [DEP0060] DeprecationWarning: The `util._extend` API is deprecated. Please use Object.assign() instead.
At line:1 char:1
+ & "C:\Program Files\nodejs/node.exe" "C:\Program Files\nodejs/node_mo ...
+ ~~~~~~~~~~~~~~~~~~~~~~~~~~~~~~~~~~~~~~~~~~~~~~~~~~~~~~~~~~~~~~~~~~~~~
    + CategoryInfo          : NotSpecified: ((node:33704) [D...sign() instead.:String) [], RemoteException
    + FullyQualifiedErrorId : NativeCommandError
 
(Use `node --trace-deprecation ...` to show where the warning was created)
[1m[33mOption "isolatedConfig" is deprecated: Automatic configuration of Webpack is deprecated in favor of an explicit 'webpack.config.js' file. This op
tion will be removed in Nx 19. See https://nx.dev/recipes/webpack/webpack-config-setup.[39m[22m
chunk (runtime: main) [1m[32mmain.js[39m[22m (main) 532 KiB [1m[33m[entry][39m[22m [1m[32m[rendered][39m[22m
[1m[31mERROR[39m[22m in [1m./apps/api/src/console/console.service.ts:[32m[1m9:1[22m[39m[1m[39m[22m
[90mTS6133: [39m'TasksService' is declared but its value is never read.
  [0m [90m  7 |[39m [36mimport[39m { [33mPrismaService[39m } [36mfrom[39m [32m'@zed-hosting/db'[39m[33m;[39m
   [90m  8 |[39m [36mimport[39m { [33mI18nService[39m } [36mfrom[39m [32m'../i18n/i18n.service'[39m[33m;[39m
  [31m[1m>[22m[39m[90m  9 |[39m [36mimport[39m { [33mTasksService[39m } [36mfrom[39m [32m'../tasks/tasks.service'[39m[33m;[39m
   [90m    |[39m [31m[1m^[22m[39m[31m[1m^[22m[39m[31m[1m^[22m[39m[31m[1m^[22m[39m[31m[1m^[22m[39m[31m[1m^[22m[39m[31m[1m^[22m[39m[31m[1m^[22m[39m[31m[1m^[22m[39m[31m[1m^[22m[39m[31m[1m^[22m[39m[31m[1m^[22m[39m[31m[1m^[22m[39m[31m[1m^[22m[39m[31m[1m^[22m[39m[31m[1m^[22m[39m[31m[1m^[22m[39m[31m[1m^[22m[39m[31m[1m^[22m[39m[31m[1m^[22m[39m[31m[1m^[22m[39m[31m[1m^[22m[39m[31m[1m^[22m[39m[31m[1m^[22m[39m[31m[1m^[22m[39m[31m[1m^[22m[39m[31m[1m^[22m[39m[31m[1m^[22m[39m[31m[1m^[22m[39m[31m[1m^[22m[39m[31m[1m^[22m[39m[31m[1m^[22m[39m[31m[1m^[22m[39m[31m[1m^[22m[39m[31m[1m^[22m[39m[31m[1m^[22m[39m[31m[1m^[22m[39m[31m[1m^[22m[39m[31m[1m^[22m[39m[31m[1m^[22m[39m[31m[1m^[22m[39m[31m[1m^[22m[39m[31m[1m^[22m[39m[31m[1m^[22m[39m[31m[1m^[22m[39m[31m[1m^[22m[39m[31m[1m^[22m[39m[31m[1m^[22m[39m[31m[1m^[22m[39m[31m[1m^[22m[39m[31m[1m^[22m[39m[31m[1m^[22m[39m[31m[1m^[22m[39m[31m[1m^[22m[39m
   [90m 10 |[39m
   [90m 11 |[39m [33m@[39m[33mInjectable[39m()
   [90m 12 |[39m [36mexport[39m [36mclass[39m [33mConsoleService[39m {[0m
webpack compiled with [1m[31m1 error[39m[22m (d4ba9d5d24f89578)



 NX   Running target build for project api failed

Failed tasks:

- api:build

Hint: run the command with --verbose for more details.

